ERC report (2026-03-11T11:39:05+0100, Encoding UTF8)

***** Sheet /
[unconnected_wire_endpoint]: Unconnected wire endpoint
    ; warning
    @(7300 mils, 2050 mils): Horizontal Wire, length 250 mils
[unconnected_wire_endpoint]: Unconnected wire endpoint
    ; warning
    @(7050 mils, 2150 mils): Horizontal Wire, length 400 mils
[unconnected_wire_endpoint]: Unconnected wire endpoint
    ; warning
    @(7100 mils, 2250 mils): Horizontal Wire, length 50 mils
[unconnected_wire_endpoint]: Unconnected wire endpoint
    ; warning
    @(7050 mils, 2350 mils): Horizontal Wire, length 400 mils

***** Sheet /Zigbee_Thread/

***** Sheet /CM5/
[pin_not_connected]: Pin not connected
    ; error
    @(14050 mils, 9750 mils): Symbol M303 Pin 1 [1, Passive, Line]

***** Sheet /Ethernet/
[pin_not_connected]: Pin not connected
    ; error
    @(5750 mils, 2800 mils): Symbol J1 Pin 13 [LED_Y-, Passive, Line]
[pin_not_connected]: Pin not connected
    ; error
    @(6750 mils, 1700 mils): Symbol J1 Pin J1 [TX1+, Passive, Line]
[pin_not_connected]: Pin not connected
    ; error
    @(6750 mils, 1800 mils): Symbol J1 Pin J2 [TX1-, Passive, Line]
[pin_not_connected]: Pin not connected
    ; error
    @(6750 mils, 1900 mils): Symbol J1 Pin J3 [TX2+, Passive, Line]
[pin_not_connected]: Pin not connected
    ; error
    @(6750 mils, 2000 mils): Symbol J1 Pin J6 [TX2-, Passive, Line]
[pin_not_connected]: Pin not connected
    ; error
    @(6250 mils, 3300 mils): Symbol J1 Pin SH [SHIELD, Passive, Line]
[pin_not_connected]: Pin not connected
    ; error
    @(6750 mils, 2100 mils): Symbol J1 Pin J4 [TX3+, Passive, Line]
[pin_not_connected]: Pin not connected
    ; error
    @(6750 mils, 2200 mils): Symbol J1 Pin J5 [TX3-, Passive, Line]
[pin_not_connected]: Pin not connected
    ; error
    @(6750 mils, 2300 mils): Symbol J1 Pin J7 [TX4+, Passive, Line]
[pin_not_connected]: Pin not connected
    ; error
    @(6750 mils, 2400 mils): Symbol J1 Pin J8 [TX4-, Passive, Line]
[pin_not_connected]: Pin not connected
    ; error
    @(7100 mils, 2650 mils): Symbol R402 Pin 2 [Passive, Line]
[pin_not_connected]: Pin not connected
    ; error
    @(7450 mils, 2000 mils): Symbol #PWR0301 Pin 1 [Power input, Line]
[pin_not_connected]: Pin not connected
    ; error
    @(7300 mils, 2650 mils): Symbol R401 Pin 2 [Passive, Line]

***** Sheet /HDMI/

***** Sheet /IO/

***** Sheet /USB/

***** Sheet /PCIe-M2/

***** Sheet /DSI_CSI/

 ** ERC messages: 18  Errors 14  Warnings 4
